// Jest Snapshot v1, https://goo.gl/fbAQLP

exports[`JourneyList renders correctly 1`] = `
<DocumentFragment>
  <div
    class="journey_grid_container"
  >
    <div
      class="journey-summary"
    >
      <div
        class="journey-text"
      >
        Invalid date at Invalid date from testName to TestName2 
        <button
          class="info-button"
          type="button"
        >
          more details
        </button>
      </div>
    </div>
  </div>
</DocumentFragment>
`;
